Archive member included to satisfy reference by file (symbol)

c:/program files (x86)/atmel/studio/7.0/toolchain/avr8/avr8-gnu-toolchain/bin/../lib/gcc/avr/5.4.0/avr5\libgcc.a(_exit.o)
                              c:/program files (x86)/atmel/studio/7.0/toolchain/avr8/avr8-gnu-toolchain/bin/../lib/gcc/avr/5.4.0/../../../../avr/lib/avr5/crtatmega328p.o (exit)
c:/program files (x86)/atmel/studio/7.0/toolchain/avr8/avr8-gnu-toolchain/bin/../lib/gcc/avr/5.4.0/avr5\libgcc.a(_copy_data.o)
                              aes_decrypt.o (__do_copy_data)

Discarded input sections

 .data          0x00000000        0x0 c:/program files (x86)/atmel/studio/7.0/toolchain/avr8/avr8-gnu-toolchain/bin/../lib/gcc/avr/5.4.0/../../../../avr/lib/avr5/crtatmega328p.o
 .bss           0x00000000        0x0 c:/program files (x86)/atmel/studio/7.0/toolchain/avr8/avr8-gnu-toolchain/bin/../lib/gcc/avr/5.4.0/../../../../avr/lib/avr5/crtatmega328p.o
 .group         0x00000000        0x8 aes_decrypt.o
 .group         0x00000000        0x8 aes_decrypt.o
 .group         0x00000000        0x8 aes_decrypt.o
 .text          0x00000000        0x0 aes_decrypt.o
 .data          0x00000000        0x0 aes_decrypt.o
 .bss           0x00000000        0x0 aes_decrypt.o
 .group         0x00000000        0x8 aes_encrypt.o
 .group         0x00000000        0x8 aes_encrypt.o
 .group         0x00000000        0x8 aes_encrypt.o
 .text          0x00000000        0x0 aes_encrypt.o
 .data          0x00000000        0x0 aes_encrypt.o
 .bss           0x00000000        0x0 aes_encrypt.o
 .debug_macro   0x00000000      0xa48 aes_encrypt.o
 .debug_macro   0x00000000      0x1c9 aes_encrypt.o
 .group         0x00000000        0x8 aes_schedule.o
 .group         0x00000000        0x8 aes_schedule.o
 .group         0x00000000        0x8 aes_schedule.o
 .group         0x00000000        0x8 aes_schedule.o
 .text          0x00000000        0x0 aes_schedule.o
 .data          0x00000000        0x0 aes_schedule.o
 .bss           0x00000000        0x0 aes_schedule.o
 .debug_macro   0x00000000      0xa48 aes_schedule.o
 .debug_macro   0x00000000      0x1c9 aes_schedule.o
 .debug_macro   0x00000000       0x1c aes_schedule.o
 .group         0x00000000        0x8 main.o
 .group         0x00000000        0x8 main.o
 .group         0x00000000        0x8 main.o
 .group         0x00000000        0x8 main.o
 .group         0x00000000        0x8 main.o
 .group         0x00000000        0x8 main.o
 .group         0x00000000        0x8 main.o
 .group         0x00000000        0x8 main.o
 .group         0x00000000        0x8 main.o
 .group         0x00000000        0x8 main.o
 .text          0x00000000        0x0 main.o
 .data          0x00000000        0x0 main.o
 .bss           0x00000000        0x0 main.o
 .debug_macro   0x00000000      0xa48 main.o
 .debug_macro   0x00000000      0x1c9 main.o
 .debug_macro   0x00000000       0x1c main.o
 .debug_macro   0x00000000       0x1c main.o
 .debug_macro   0x00000000       0x1c main.o
 .group         0x00000000        0x8 src/ASF/mega/boards/atmega328p_xplained_mini/init.o
 .group         0x00000000        0x8 src/ASF/mega/boards/atmega328p_xplained_mini/init.o
 .group         0x00000000        0x8 src/ASF/mega/boards/atmega328p_xplained_mini/init.o
 .group         0x00000000        0x8 src/ASF/mega/boards/atmega328p_xplained_mini/init.o
 .group         0x00000000        0x8 src/ASF/mega/boards/atmega328p_xplained_mini/init.o
 .group         0x00000000        0x8 src/ASF/mega/boards/atmega328p_xplained_mini/init.o
 .group         0x00000000        0x8 src/ASF/mega/boards/atmega328p_xplained_mini/init.o
 .group         0x00000000        0x8 src/ASF/mega/boards/atmega328p_xplained_mini/init.o
 .group         0x00000000        0x8 src/ASF/mega/boards/atmega328p_xplained_mini/init.o
 .group         0x00000000        0x8 src/ASF/mega/boards/atmega328p_xplained_mini/init.o
 .group         0x00000000        0x8 src/ASF/mega/boards/atmega328p_xplained_mini/init.o
 .group         0x00000000        0x8 src/ASF/mega/boards/atmega328p_xplained_mini/init.o
 .group         0x00000000        0x8 src/ASF/mega/boards/atmega328p_xplained_mini/init.o
 .group         0x00000000        0x8 src/ASF/mega/boards/atmega328p_xplained_mini/init.o
 .group         0x00000000        0x8 src/ASF/mega/boards/atmega328p_xplained_mini/init.o
 .group         0x00000000        0x8 src/ASF/mega/boards/atmega328p_xplained_mini/init.o
 .group         0x00000000        0x8 src/ASF/mega/boards/atmega328p_xplained_mini/init.o
 .group         0x00000000        0x8 src/ASF/mega/boards/atmega328p_xplained_mini/init.o
 .group         0x00000000        0x8 src/ASF/mega/boards/atmega328p_xplained_mini/init.o
 .group         0x00000000        0x8 src/ASF/mega/boards/atmega328p_xplained_mini/init.o
 .group         0x00000000        0x8 src/ASF/mega/boards/atmega328p_xplained_mini/init.o
 .group         0x00000000        0x8 src/ASF/mega/boards/atmega328p_xplained_mini/init.o
 .group         0x00000000        0x8 src/ASF/mega/boards/atmega328p_xplained_mini/init.o
 .group         0x00000000        0x8 src/ASF/mega/boards/atmega328p_xplained_mini/init.o
 .group         0x00000000        0x8 src/ASF/mega/boards/atmega328p_xplained_mini/init.o
 .group         0x00000000        0x8 src/ASF/mega/boards/atmega328p_xplained_mini/init.o
 .group         0x00000000        0x8 src/ASF/mega/boards/atmega328p_xplained_mini/init.o
 .group         0x00000000        0x8 src/ASF/mega/boards/atmega328p_xplained_mini/init.o
 .group         0x00000000        0x8 src/ASF/mega/boards/atmega328p_xplained_mini/init.o
 .text          0x00000000        0x0 src/ASF/mega/boards/atmega328p_xplained_mini/init.o
 .data          0x00000000        0x0 src/ASF/mega/boards/atmega328p_xplained_mini/init.o
 .bss           0x00000000        0x0 src/ASF/mega/boards/atmega328p_xplained_mini/init.o
 .text.board_init
                0x00000000      0x2a4 src/ASF/mega/boards/atmega328p_xplained_mini/init.o
 .debug_info    0x00000000      0x32c src/ASF/mega/boards/atmega328p_xplained_mini/init.o
 .debug_abbrev  0x00000000      0x171 src/ASF/mega/boards/atmega328p_xplained_mini/init.o
 .debug_loc     0x00000000       0x47 src/ASF/mega/boards/atmega328p_xplained_mini/init.o
 .debug_aranges
                0x00000000       0x20 src/ASF/mega/boards/atmega328p_xplained_mini/init.o
 .debug_ranges  0x00000000       0x50 src/ASF/mega/boards/atmega328p_xplained_mini/init.o
 .debug_macro   0x00000000      0x180 src/ASF/mega/boards/atmega328p_xplained_mini/init.o
 .debug_macro   0x00000000      0xa42 src/ASF/mega/boards/atmega328p_xplained_mini/init.o
 .debug_macro   0x00000000       0x10 src/ASF/mega/boards/atmega328p_xplained_mini/init.o
 .debug_macro   0x00000000      0x1c9 src/ASF/mega/boards/atmega328p_xplained_mini/init.o
 .debug_macro   0x00000000      0x2fc src/ASF/mega/boards/atmega328p_xplained_mini/init.o
 .debug_macro   0x00000000       0x9e src/ASF/mega/boards/atmega328p_xplained_mini/init.o
 .debug_macro   0x00000000     0x1410 src/ASF/mega/boards/atmega328p_xplained_mini/init.o
 .debug_macro   0x00000000      0x13a src/ASF/mega/boards/atmega328p_xplained_mini/init.o
 .debug_macro   0x00000000       0xbd src/ASF/mega/boards/atmega328p_xplained_mini/init.o
 .debug_macro   0x00000000       0x34 src/ASF/mega/boards/atmega328p_xplained_mini/init.o
 .debug_macro   0x00000000       0x18 src/ASF/mega/boards/atmega328p_xplained_mini/init.o
 .debug_macro   0x00000000       0x6c src/ASF/mega/boards/atmega328p_xplained_mini/init.o
 .debug_macro   0x00000000       0x22 src/ASF/mega/boards/atmega328p_xplained_mini/init.o
 .debug_macro   0x00000000      0x16d src/ASF/mega/boards/atmega328p_xplained_mini/init.o
 .debug_macro   0x00000000       0x1c src/ASF/mega/boards/atmega328p_xplained_mini/init.o
 .debug_macro   0x00000000       0x35 src/ASF/mega/boards/atmega328p_xplained_mini/init.o
 .debug_macro   0x00000000       0x66 src/ASF/mega/boards/atmega328p_xplained_mini/init.o
 .debug_macro   0x00000000      0x6c2 src/ASF/mega/boards/atmega328p_xplained_mini/init.o
 .debug_macro   0x00000000       0x44 src/ASF/mega/boards/atmega328p_xplained_mini/init.o
 .debug_macro   0x00000000       0x69 src/ASF/mega/boards/atmega328p_xplained_mini/init.o
 .debug_macro   0x00000000       0x2c src/ASF/mega/boards/atmega328p_xplained_mini/init.o
 .debug_macro   0x00000000       0x10 src/ASF/mega/boards/atmega328p_xplained_mini/init.o
 .debug_macro   0x00000000       0xe2 src/ASF/mega/boards/atmega328p_xplained_mini/init.o
 .debug_macro   0x00000000       0x40 src/ASF/mega/boards/atmega328p_xplained_mini/init.o
 .debug_macro   0x00000000      0x100 src/ASF/mega/boards/atmega328p_xplained_mini/init.o
 .debug_macro   0x00000000      0x2c0 src/ASF/mega/boards/atmega328p_xplained_mini/init.o
 .debug_macro   0x00000000       0x56 src/ASF/mega/boards/atmega328p_xplained_mini/init.o
 .debug_macro   0x00000000       0x40 src/ASF/mega/boards/atmega328p_xplained_mini/init.o
 .debug_macro   0x00000000       0x16 src/ASF/mega/boards/atmega328p_xplained_mini/init.o
 .debug_macro   0x00000000       0x58 src/ASF/mega/boards/atmega328p_xplained_mini/init.o
 .debug_line    0x00000000      0x4d8 src/ASF/mega/boards/atmega328p_xplained_mini/init.o
 .debug_str     0x00000000    0x10477 src/ASF/mega/boards/atmega328p_xplained_mini/init.o
 .comment       0x00000000       0x31 src/ASF/mega/boards/atmega328p_xplained_mini/init.o
 .debug_frame   0x00000000       0x34 src/ASF/mega/boards/atmega328p_xplained_mini/init.o
 .text          0x00000000        0x0 c:/program files (x86)/atmel/studio/7.0/toolchain/avr8/avr8-gnu-toolchain/bin/../lib/gcc/avr/5.4.0/avr5\libgcc.a(_exit.o)
 .data          0x00000000        0x0 c:/program files (x86)/atmel/studio/7.0/toolchain/avr8/avr8-gnu-toolchain/bin/../lib/gcc/avr/5.4.0/avr5\libgcc.a(_exit.o)
 .bss           0x00000000        0x0 c:/program files (x86)/atmel/studio/7.0/toolchain/avr8/avr8-gnu-toolchain/bin/../lib/gcc/avr/5.4.0/avr5\libgcc.a(_exit.o)
 .text.libgcc.mul
                0x00000000        0x0 c:/program files (x86)/atmel/studio/7.0/toolchain/avr8/avr8-gnu-toolchain/bin/../lib/gcc/avr/5.4.0/avr5\libgcc.a(_exit.o)
 .text.libgcc.div
                0x00000000        0x0 c:/program files (x86)/atmel/studio/7.0/toolchain/avr8/avr8-gnu-toolchain/bin/../lib/gcc/avr/5.4.0/avr5\libgcc.a(_exit.o)
 .text.libgcc   0x00000000        0x0 c:/program files (x86)/atmel/studio/7.0/toolchain/avr8/avr8-gnu-toolchain/bin/../lib/gcc/avr/5.4.0/avr5\libgcc.a(_exit.o)
 .text.libgcc.prologue
                0x00000000        0x0 c:/program files (x86)/atmel/studio/7.0/toolchain/avr8/avr8-gnu-toolchain/bin/../lib/gcc/avr/5.4.0/avr5\libgcc.a(_exit.o)
 .text.libgcc.builtins
                0x00000000        0x0 c:/program files (x86)/atmel/studio/7.0/toolchain/avr8/avr8-gnu-toolchain/bin/../lib/gcc/avr/5.4.0/avr5\libgcc.a(_exit.o)
 .text.libgcc.fmul
                0x00000000        0x0 c:/program files (x86)/atmel/studio/7.0/toolchain/avr8/avr8-gnu-toolchain/bin/../lib/gcc/avr/5.4.0/avr5\libgcc.a(_exit.o)
 .text.libgcc.fixed
                0x00000000        0x0 c:/program files (x86)/atmel/studio/7.0/toolchain/avr8/avr8-gnu-toolchain/bin/../lib/gcc/avr/5.4.0/avr5\libgcc.a(_exit.o)
 .text          0x00000000        0x0 c:/program files (x86)/atmel/studio/7.0/toolchain/avr8/avr8-gnu-toolchain/bin/../lib/gcc/avr/5.4.0/avr5\libgcc.a(_copy_data.o)
 .data          0x00000000        0x0 c:/program files (x86)/atmel/studio/7.0/toolchain/avr8/avr8-gnu-toolchain/bin/../lib/gcc/avr/5.4.0/avr5\libgcc.a(_copy_data.o)
 .bss           0x00000000        0x0 c:/program files (x86)/atmel/studio/7.0/toolchain/avr8/avr8-gnu-toolchain/bin/../lib/gcc/avr/5.4.0/avr5\libgcc.a(_copy_data.o)
 .text.libgcc.mul
                0x00000000        0x0 c:/program files (x86)/atmel/studio/7.0/toolchain/avr8/avr8-gnu-toolchain/bin/../lib/gcc/avr/5.4.0/avr5\libgcc.a(_copy_data.o)
 .text.libgcc.div
                0x00000000        0x0 c:/program files (x86)/atmel/studio/7.0/toolchain/avr8/avr8-gnu-toolchain/bin/../lib/gcc/avr/5.4.0/avr5\libgcc.a(_copy_data.o)
 .text.libgcc   0x00000000        0x0 c:/program files (x86)/atmel/studio/7.0/toolchain/avr8/avr8-gnu-toolchain/bin/../lib/gcc/avr/5.4.0/avr5\libgcc.a(_copy_data.o)
 .text.libgcc.prologue
                0x00000000        0x0 c:/program files (x86)/atmel/studio/7.0/toolchain/avr8/avr8-gnu-toolchain/bin/../lib/gcc/avr/5.4.0/avr5\libgcc.a(_copy_data.o)
 .text.libgcc.builtins
                0x00000000        0x0 c:/program files (x86)/atmel/studio/7.0/toolchain/avr8/avr8-gnu-toolchain/bin/../lib/gcc/avr/5.4.0/avr5\libgcc.a(_copy_data.o)
 .text.libgcc.fmul
                0x00000000        0x0 c:/program files (x86)/atmel/studio/7.0/toolchain/avr8/avr8-gnu-toolchain/bin/../lib/gcc/avr/5.4.0/avr5\libgcc.a(_copy_data.o)
 .text.libgcc.fixed
                0x00000000        0x0 c:/program files (x86)/atmel/studio/7.0/toolchain/avr8/avr8-gnu-toolchain/bin/../lib/gcc/avr/5.4.0/avr5\libgcc.a(_copy_data.o)

Memory Configuration

Name             Origin             Length             Attributes
text             0x00000000         0x00020000         xr
data             0x00800060         0x0000ffa0         rw !x
eeprom           0x00810000         0x00010000         rw !x
fuse             0x00820000         0x00000003         rw !x
lock             0x00830000         0x00000400         rw !x
signature        0x00840000         0x00000400         rw !x
user_signatures  0x00850000         0x00000400         rw !x
*default*        0x00000000         0xffffffff

Linker script and memory map

Address of section .data set to 0x800100
LOAD c:/program files (x86)/atmel/studio/7.0/toolchain/avr8/avr8-gnu-toolchain/bin/../lib/gcc/avr/5.4.0/../../../../avr/lib/avr5/crtatmega328p.o
LOAD aes_decrypt.o
LOAD aes_encrypt.o
LOAD aes_schedule.o
LOAD main.o
LOAD src/ASF/mega/boards/atmega328p_xplained_mini/init.o
START GROUP
LOAD c:/program files (x86)/atmel/studio/7.0/toolchain/avr8/avr8-gnu-toolchain/bin/../lib/gcc/avr/5.4.0/../../../../avr/lib/avr5\libm.a
END GROUP
START GROUP
LOAD c:/program files (x86)/atmel/studio/7.0/toolchain/avr8/avr8-gnu-toolchain/bin/../lib/gcc/avr/5.4.0/avr5\libgcc.a
LOAD c:/program files (x86)/atmel/studio/7.0/toolchain/avr8/avr8-gnu-toolchain/bin/../lib/gcc/avr/5.4.0/../../../../avr/lib/avr5\libm.a
LOAD c:/program files (x86)/atmel/studio/7.0/toolchain/avr8/avr8-gnu-toolchain/bin/../lib/gcc/avr/5.4.0/../../../../avr/lib/avr5\libc.a
LOAD c:/program files (x86)/atmel/studio/7.0/toolchain/avr8/avr8-gnu-toolchain/bin/../lib/gcc/avr/5.4.0/../../../../avr/lib/avr5\libatmega328p.a
END GROUP
                0x00020000                __TEXT_REGION_LENGTH__ = DEFINED (__TEXT_REGION_LENGTH__)?__TEXT_REGION_LENGTH__:0x20000
                0x0000ffa0                __DATA_REGION_LENGTH__ = DEFINED (__DATA_REGION_LENGTH__)?__DATA_REGION_LENGTH__:0xffa0
                0x00010000                __EEPROM_REGION_LENGTH__ = DEFINED (__EEPROM_REGION_LENGTH__)?__EEPROM_REGION_LENGTH__:0x10000
                [0x00000003]                __FUSE_REGION_LENGTH__ = DEFINED (__FUSE_REGION_LENGTH__)?__FUSE_REGION_LENGTH__:0x400
                0x00000400                __LOCK_REGION_LENGTH__ = DEFINED (__LOCK_REGION_LENGTH__)?__LOCK_REGION_LENGTH__:0x400
                0x00000400                __SIGNATURE_REGION_LENGTH__ = DEFINED (__SIGNATURE_REGION_LENGTH__)?__SIGNATURE_REGION_LENGTH__:0x400
                0x00000400                __USER_SIGNATURE_REGION_LENGTH__ = DEFINED (__USER_SIGNATURE_REGION_LENGTH__)?__USER_SIGNATURE_REGION_LENGTH__:0x400

.hash
 *(.hash)

.dynsym
 *(.dynsym)

.dynstr
 *(.dynstr)

.gnu.version
 *(.gnu.version)

.gnu.version_d
 *(.gnu.version_d)

.gnu.version_r
 *(.gnu.version_r)

.rel.init
 *(.rel.init)

.rela.init
 *(.rela.init)

.rel.text
 *(.rel.text)
 *(.rel.text.*)
 *(.rel.gnu.linkonce.t*)

.rela.text
 *(.rela.text)
 *(.rela.text.*)
 *(.rela.gnu.linkonce.t*)

.rel.fini
 *(.rel.fini)

.rela.fini
 *(.rela.fini)

.rel.rodata
 *(.rel.rodata)
 *(.rel.rodata.*)
 *(.rel.gnu.linkonce.r*)

.rela.rodata
 *(.rela.rodata)
 *(.rela.rodata.*)
 *(.rela.gnu.linkonce.r*)

.rel.data
 *(.rel.data)
 *(.rel.data.*)
 *(.rel.gnu.linkonce.d*)

.rela.data
 *(.rela.data)
 *(.rela.data.*)
 *(.rela.gnu.linkonce.d*)

.rel.ctors
 *(.rel.ctors)

.rela.ctors
 *(.rela.ctors)

.rel.dtors
 *(.rel.dtors)

.rela.dtors
 *(.rela.dtors)

.rel.got
 *(.rel.got)

.rela.got
 *(.rela.got)

.rel.bss
 *(.rel.bss)

.rela.bss
 *(.rela.bss)

.rel.plt
 *(.rel.plt)

.rela.plt
 *(.rela.plt)

.text           0x00000000     0x3e0e
 *(.vectors)
 .vectors       0x00000000       0x68 c:/program files (x86)/atmel/studio/7.0/toolchain/avr8/avr8-gnu-toolchain/bin/../lib/gcc/avr/5.4.0/../../../../avr/lib/avr5/crtatmega328p.o
                0x00000000                __vector_default
                0x00000000                __vectors
 *(.vectors)
 *(.progmem.gcc*)
                0x00000068                . = ALIGN (0x2)
                0x00000068                __trampolines_start = .
 *(.trampolines)
 .trampolines   0x00000068        0x0 linker stubs
 *(.trampolines*)
                0x00000068                __trampolines_end = .
 *libprintf_flt.a:*(.progmem.data)
 *libc.a:*(.progmem.data)
 *(.progmem*)
                0x00000068                . = ALIGN (0x2)
 *(.jumptables)
 *(.jumptables*)
 *(.lowtext)
 *(.lowtext*)
                0x00000068                __ctors_start = .
 *(.ctors)
                0x00000068                __ctors_end = .
                0x00000068                __dtors_start = .
 *(.dtors)
                0x00000068                __dtors_end = .
 SORT(*)(.ctors)
 SORT(*)(.dtors)
 *(.init0)
 .init0         0x00000068        0x0 c:/program files (x86)/atmel/studio/7.0/toolchain/avr8/avr8-gnu-toolchain/bin/../lib/gcc/avr/5.4.0/../../../../avr/lib/avr5/crtatmega328p.o
                0x00000068                __init
 *(.init0)
 *(.init1)
 *(.init1)
 *(.init2)
 .init2         0x00000068        0xc c:/program files (x86)/atmel/studio/7.0/toolchain/avr8/avr8-gnu-toolchain/bin/../lib/gcc/avr/5.4.0/../../../../avr/lib/avr5/crtatmega328p.o
 *(.init2)
 *(.init3)
 *(.init3)
 *(.init4)
 .init4         0x00000074       0x16 c:/program files (x86)/atmel/studio/7.0/toolchain/avr8/avr8-gnu-toolchain/bin/../lib/gcc/avr/5.4.0/avr5\libgcc.a(_copy_data.o)
                0x00000074                __do_copy_data
 *(.init4)
 *(.init5)
 *(.init5)
 *(.init6)
 *(.init6)
 *(.init7)
 *(.init7)
 *(.init8)
 *(.init8)
 *(.init9)
 .init9         0x0000008a        0x8 c:/program files (x86)/atmel/studio/7.0/toolchain/avr8/avr8-gnu-toolchain/bin/../lib/gcc/avr/5.4.0/../../../../avr/lib/avr5/crtatmega328p.o
 *(.init9)
 *(.text)
 .text          0x00000092        0x2 c:/program files (x86)/atmel/studio/7.0/toolchain/avr8/avr8-gnu-toolchain/bin/../lib/gcc/avr/5.4.0/../../../../avr/lib/avr5/crtatmega328p.o
                0x00000092                __vector_22
                0x00000092                __vector_1
                0x00000092                __vector_24
                0x00000092                __vector_12
                0x00000092                __bad_interrupt
                0x00000092                __vector_6
                0x00000092                __vector_3
                0x00000092                __vector_23
                0x00000092                __vector_25
                0x00000092                __vector_11
                0x00000092                __vector_13
                0x00000092                __vector_17
                0x00000092                __vector_19
                0x00000092                __vector_7
                0x00000092                __vector_5
                0x00000092                __vector_4
                0x00000092                __vector_9
                0x00000092                __vector_2
                0x00000092                __vector_21
                0x00000092                __vector_15
                0x00000092                __vector_8
                0x00000092                __vector_14
                0x00000092                __vector_10
                0x00000092                __vector_16
                0x00000092                __vector_18
                0x00000092                __vector_20
                0x00000094                . = ALIGN (0x2)
 *(.text.*)
 .text.inv_shift_rows
                0x00000094       0xb8 aes_decrypt.o
 .text.aes_decrypt_128
                0x0000014c     0x1002 aes_decrypt.o
                0x0000014c                aes_decrypt_128
 .text.shift_rows
                0x0000114e       0xb8 aes_encrypt.o
 .text.aes_encrypt_128
                0x00001206      0xe4e aes_encrypt.o
                0x00001206                aes_encrypt_128
 .text.aes_key_schedule_128
                0x00002054     0x1cd2 aes_schedule.o
                0x00002054                aes_key_schedule_128
 .text.main     0x00003d26       0xe4 main.o
                0x00003d26                main
                0x00003e0a                . = ALIGN (0x2)
 *(.fini9)
 .fini9         0x00003e0a        0x0 c:/program files (x86)/atmel/studio/7.0/toolchain/avr8/avr8-gnu-toolchain/bin/../lib/gcc/avr/5.4.0/avr5\libgcc.a(_exit.o)
                0x00003e0a                _exit
                0x00003e0a                exit
 *(.fini9)
 *(.fini8)
 *(.fini8)
 *(.fini7)
 *(.fini7)
 *(.fini6)
 *(.fini6)
 *(.fini5)
 *(.fini5)
 *(.fini4)
 *(.fini4)
 *(.fini3)
 *(.fini3)
 *(.fini2)
 *(.fini2)
 *(.fini1)
 *(.fini1)
 *(.fini0)
 .fini0         0x00003e0a        0x4 c:/program files (x86)/atmel/studio/7.0/toolchain/avr8/avr8-gnu-toolchain/bin/../lib/gcc/avr/5.4.0/avr5\libgcc.a(_exit.o)
 *(.fini0)
                0x00003e0e                _etext = .

.data           0x00800100      0x22a load address 0x00003e0e
                0x00800100                PROVIDE (__data_start, .)
 *(.data)
 *(.data*)
 .data.INV_SBOX
                0x00800100      0x100 aes_decrypt.o
 .data.SBOX     0x00800200      0x100 aes_encrypt.o
                0x00800200                SBOX
 .data.RC       0x00800300        0xa aes_schedule.o
 *(.gnu.linkonce.d*)
 *(.rodata)
 .rodata        0x0080030a       0x20 main.o
 *(.rodata*)
 *(.gnu.linkonce.r*)
                0x0080032a                . = ALIGN (0x2)
                0x0080032a                _edata = .
                0x0080032a                PROVIDE (__data_end, .)

.bss            0x0080032a        0x0
                [!provide]                PROVIDE (__bss_start, .)
 *(.bss)
 *(.bss*)
 *(COMMON)
                [!provide]                PROVIDE (__bss_end, .)
                0x00003e0e                __data_load_start = LOADADDR (.data)
                0x00004038                __data_load_end = (__data_load_start + SIZEOF (.data))

.noinit         0x0080032a        0x0
                [!provide]                PROVIDE (__noinit_start, .)
 *(.noinit*)
                [!provide]                PROVIDE (__noinit_end, .)
                0x0080032a                _end = .
                [!provide]                PROVIDE (__heap_start, .)

.eeprom         0x00810000        0x0
 *(.eeprom*)
                0x00810000                __eeprom_end = .

.fuse
 *(.fuse)
 *(.lfuse)
 *(.hfuse)
 *(.efuse)

.lock
 *(.lock*)

.signature
 *(.signature*)

.user_signatures
 *(.user_signatures*)

.stab
 *(.stab)

.stabstr
 *(.stabstr)

.stab.excl
 *(.stab.excl)

.stab.exclstr
 *(.stab.exclstr)

.stab.index
 *(.stab.index)

.stab.indexstr
 *(.stab.indexstr)

.comment        0x00000000       0x30
 *(.comment)
 .comment       0x00000000       0x30 aes_decrypt.o
                                 0x31 (size before relaxing)
 .comment       0x00000030       0x31 aes_encrypt.o
 .comment       0x00000030       0x31 aes_schedule.o
 .comment       0x00000030       0x31 main.o

.note.gnu.avr.deviceinfo
                0x00000000       0x40
 .note.gnu.avr.deviceinfo
                0x00000000       0x40 c:/program files (x86)/atmel/studio/7.0/toolchain/avr8/avr8-gnu-toolchain/bin/../lib/gcc/avr/5.4.0/../../../../avr/lib/avr5/crtatmega328p.o

.note.gnu.build-id
 *(.note.gnu.build-id)

.debug
 *(.debug)

.line
 *(.line)

.debug_srcinfo
 *(.debug_srcinfo)

.debug_sfnames
 *(.debug_sfnames)

.debug_aranges  0x00000000       0x90
 *(.debug_aranges)
 .debug_aranges
                0x00000000       0x28 aes_decrypt.o
 .debug_aranges
                0x00000028       0x28 aes_encrypt.o
 .debug_aranges
                0x00000050       0x20 aes_schedule.o
 .debug_aranges
                0x00000070       0x20 main.o

.debug_pubnames
 *(.debug_pubnames)

.debug_info     0x00000000     0x1132
 *(.debug_info .gnu.linkonce.wi.*)
 .debug_info    0x00000000      0x5f4 c:/program files (x86)/atmel/studio/7.0/toolchain/avr8/avr8-gnu-toolchain/bin/../lib/gcc/avr/5.4.0/../../../../avr/lib/avr5/crtatmega328p.o
 .debug_info    0x000005f4      0x585 aes_decrypt.o
 .debug_info    0x00000b79      0x341 aes_encrypt.o
 .debug_info    0x00000eba      0x151 aes_schedule.o
 .debug_info    0x0000100b      0x127 main.o

.debug_abbrev   0x00000000      0x916
 *(.debug_abbrev)
 .debug_abbrev  0x00000000      0x5a2 c:/program files (x86)/atmel/studio/7.0/toolchain/avr8/avr8-gnu-toolchain/bin/../lib/gcc/avr/5.4.0/../../../../avr/lib/avr5/crtatmega328p.o
 .debug_abbrev  0x000005a2       0xff aes_decrypt.o
 .debug_abbrev  0x000006a1      0x110 aes_encrypt.o
 .debug_abbrev  0x000007b1       0xbe aes_schedule.o
 .debug_abbrev  0x0000086f       0xa7 main.o

.debug_line     0x00000000     0x153c
 *(.debug_line .debug_line.* .debug_line_end)
 .debug_line    0x00000000       0x1a c:/program files (x86)/atmel/studio/7.0/toolchain/avr8/avr8-gnu-toolchain/bin/../lib/gcc/avr/5.4.0/../../../../avr/lib/avr5/crtatmega328p.o
 .debug_line    0x0000001a      0x6da aes_decrypt.o
 .debug_line    0x000006f4      0x5b6 aes_encrypt.o
 .debug_line    0x00000caa      0x6d0 aes_schedule.o
 .debug_line    0x0000137a      0x1c2 main.o

.debug_frame    0x00000000      0x190
 *(.debug_frame)
 .debug_frame   0x00000000       0x80 aes_decrypt.o
 .debug_frame   0x00000080       0x74 aes_encrypt.o
 .debug_frame   0x000000f4       0x60 aes_schedule.o
 .debug_frame   0x00000154       0x3c main.o

.debug_str      0x00000000     0x4118
 *(.debug_str)
 .debug_str     0x00000000      0x208 c:/program files (x86)/atmel/studio/7.0/toolchain/avr8/avr8-gnu-toolchain/bin/../lib/gcc/avr/5.4.0/../../../../avr/lib/avr5/crtatmega328p.o
 .debug_str     0x00000208     0x3290 aes_decrypt.o
                               0x32fd (size before relaxing)
 .debug_str     0x00003498       0x36 aes_encrypt.o
                               0x32f5 (size before relaxing)
 .debug_str     0x000034ce       0x52 aes_schedule.o
                               0x32f9 (size before relaxing)
 .debug_str     0x00003520      0xbf8 main.o
                               0x3f2e (size before relaxing)

.debug_loc      0x00000000      0x2cd
 *(.debug_loc)
 .debug_loc     0x00000000       0xf8 aes_decrypt.o
 .debug_loc     0x000000f8       0xd0 aes_encrypt.o
 .debug_loc     0x000001c8       0xb0 aes_schedule.o
 .debug_loc     0x00000278       0x55 main.o

.debug_macinfo
 *(.debug_macinfo)

.debug_weaknames
 *(.debug_weaknames)

.debug_funcnames
 *(.debug_funcnames)

.debug_typenames
 *(.debug_typenames)

.debug_varnames
 *(.debug_varnames)

.debug_pubtypes
 *(.debug_pubtypes)

.debug_ranges   0x00000000       0x50
 *(.debug_ranges)
 .debug_ranges  0x00000000       0x18 aes_decrypt.o
 .debug_ranges  0x00000018       0x18 aes_encrypt.o
 .debug_ranges  0x00000030       0x10 aes_schedule.o
 .debug_ranges  0x00000040       0x10 main.o

.debug_macro    0x00000000     0x1256
 *(.debug_macro)
 .debug_macro   0x00000000       0x2d aes_decrypt.o
 .debug_macro   0x0000002d      0xa48 aes_decrypt.o
 .debug_macro   0x00000a75      0x1c9 aes_decrypt.o
 .debug_macro   0x00000c3e       0x1c aes_decrypt.o
 .debug_macro   0x00000c5a       0x2d aes_encrypt.o
 .debug_macro   0x00000c87       0x1c aes_encrypt.o
 .debug_macro   0x00000ca3       0x36 aes_schedule.o
 .debug_macro   0x00000cd9       0x1c aes_schedule.o
 .debug_macro   0x00000cf5       0x74 main.o
 .debug_macro   0x00000d69      0x2fc main.o
 .debug_macro   0x00001065       0x58 main.o
 .debug_macro   0x000010bd       0x10 main.o
 .debug_macro   0x000010cd       0x97 main.o
 .debug_macro   0x00001164       0xf2 main.o
OUTPUT(Optimization.elf elf32-avr)
LOAD linker stubs
